// Jest Snapshot v1, https://goo.gl/fbAQLP

exports[`Hamburger should match the snapshot 1`] = `
<button
  className="button"
  onClick={[Function]}
  type="button"
>
  <ForwardRef />
</button>
`;
