// Jest Snapshot v1, https://goo.gl/fbAQLP

exports[`Footer should match snapshot 1`] = `
<footer
  className="footer"
>
  <div
    className="show-on-desktop"
  />
  <div
    className="name"
  >
    Вася Пупкин
  </div>
  <div>
    © Яндекс ШРИ
  </div>
</footer>
`;
