// Jest Snapshot v1, https://goo.gl/fbAQLP

exports[`Placeholder should match snapshot 1`] = `
<article
  className="placeholder"
>
  <h1>
    text
  </h1>
</article>
`;
