// Jest Snapshot v1, https://goo.gl/fbAQLP

exports[`Button should match the snapshot 1`] = `
<button
  className="button default"
  disabled={false}
  onClick={[Function]}
  type="button"
>
  button
</button>
`;
