// Jest Snapshot v1, https://goo.gl/fbAQLP

exports[`Note should match snapshot 1`] = `
<article
  className="note s"
>
  <Text />
</article>
`;
